// Jest Snapshot v1, https://goo.gl/fbAQLP

exports[`snapshot-resolver 1`] = `"foo"`;
